var a;
a = [];
a[1] = "Jeden";
return (typeof a[1] !== 'undefined');
