var a;
a = [];
a[1] = "Jeden";
delete a[2];
return (typeof a[1] !== 'undefined');
