var a;
a = {
    "a": 1,
    "b": 2,
    "c": 3
};
function f_array3(b)
{
    if(b instanceof Array) b = b.slice(0); else if(b instanceof Object && b.constructor.name == 'Object') b = Object.assign({}, b);
    b["b"] = 4;
}
f_array3(a);
return a["b"];
