var v;
v = 2;
function f_call2(param)
{
    return param;
}
return f_call2(v);
