a = [
    1,
    [
        2
    ]
];
return a[1][0];
