a = 0;
b = 0;
do
{
    a += b++;
}
while(b < 10);
return a;
