a = 0;
for(b = 0; b < 10; b++)
{
    a += b;
}
return a;
