var a, b, d, c;
a = {
    "a": 1,
    "b": 2,
    "c": 3
};
b = "";
for(let __tmp in a)
{
    d = a[__tmp];
    c = __tmp;
    b += c;
}
return b;
