a = 2;
b = 2;
c = 3;
if(a == b)
{
    d = 1;
}
else if(a == c)
{
    d = -1;
}
else
{
    d = 0;
}
return d;
