var a, b, c;
a = 2;
b = 2;
if(a == b)
{
    c = 1;
}else
{
    c = -1;
}
return c;
