var a, b;
[a, , b] = [
    1,
    2,
    3
];
return b;
