var b, c, a;
a = '';
b = 1;
c = 2;
return a ? b : c;
