var b, c, a;
a = 1;
b = 1;
c = 2;
return a ? b : c;
