a = 0;
b = 0;
while(b < 10)
{
    a += b++;
}
return a;
