a = "\u0105\u0106\u0119\u0141";
b = 1;
c = -2;
return (function(s, x, y){ if(y < 0) return s.substring(x, s.length+y); else return s.substr(x, y); })(a, b, c);
