a = "\u0105\u0106\u0119\u0141";
return (a).toUpperCase();
