var a;
a = "aBcD";
return (a).split('').reverse().join('');
