a = "aBcD";
b = 2;
c = 1;
return (function(s, x, y){ if(y < 0) return s.substring(x, s.length+y); else return s.substr(x, y); })(a, b, c);
